../Core/Src/main.c:75:5:__io_putchar	16	static
../Core/Src/main.c:81:6:HAL_GPIO_EXTI_Callback	24	static
../Core/Src/main.c:114:6:delay_us	24	static,ignoring_inline_asm
../Core/Src/main.c:121:6:update_leds	16	static
../Core/Src/main.c:157:5:main	32	static
../Core/Src/main.c:229:6:SystemClock_Config	88	static
../Core/Src/main.c:276:13:MX_TIM1_Init	96	static
../Core/Src/main.c:351:13:MX_TIM2_Init	32	static
../Core/Src/main.c:396:13:MX_USART2_UART_Init	8	static
../Core/Src/main.c:429:13:MX_GPIO_Init	48	static
../Core/Src/main.c:504:6:Error_Handler	4	static,ignoring_inline_asm
